
  +==============================================================+
  |                                                              |
  |                                                              |
  +==============================================================+

  [!!] Not root - Mitigation restricted (run as sudo for full features)

  |  >> Dependency Check
     [OK] ping -> Available
     [OK] ip -> Available
     [OK] awk -> Available
     [OK] curl -> Available
     [!!] traceroute -> Missing (optional)
     [OK] host -> Available
     [!!] ethtool -> Missing (optional)
     [OK] systemctl -> Available

  |  >> ARP Resolution & Routing
     [OK] Route found -> Interface: eth0 (Gateway: 192.168.0.1)
     [OK] ARP Skipped -> Target is remote (Off-Link)

  |  >> Latency Profile  (1 pings)

     [OK] Latency stable -> spike 0ms

  |  >> TCP Port Probe 51821
     [XX] Port 51821 -> CLOSED or Filtered

  |  >> HTTP Reachability Check
     [XX] HTTP unreachable -> connection refused or timeout

  |  >> Traceroute (first 5 hops)
     [!!] Not supported -> traceroute not available - install with: sudo apt install traceroute

  |  >> DNS Resolution Check
     [OK] DNS resolved -> 8.8.8.8.in-addr.arpa domain name pointer dns.google.

  |  >> NIC Power Management (ethtool)
     [!!] Not supported -> ethtool not available - install with: sudo apt install ethtool

  |  >> OS Sleep/Suspend Targets
     [!!] Systemd Sleep Targets -> Active
\n  Completed at 12:51:18
  [OK] JSON Export saved to /app/logs/audit_8.8.8.8_20260313_125118.json
